Component: ARM Compiler 5.06 (build 20) Tool: armlink [4d35a3]

==============================================================================

Section Cross References

    isr.o(i.DMA1_Channel1_IRQHandler) refers to hal_dma.o(i.DMA_GetFlagStatus) for DMA_GetFlagStatus
    isr.o(i.DMA1_Channel1_IRQHandler) refers to hal_dma.o(i.DMA_ClearFlag) for DMA_ClearFlag
    isr.o(i.DMA1_Channel2_IRQHandler) refers to hal_dma.o(i.DMA_GetFlagStatus) for DMA_GetFlagStatus
    isr.o(i.DMA1_Channel2_IRQHandler) refers to hal_dma.o(i.DMA_ClearFlag) for DMA_ClearFlag
    isr.o(i.DMA1_Channel3_IRQHandler) refers to hal_dma.o(i.DMA_GetFlagStatus) for DMA_GetFlagStatus
    isr.o(i.DMA1_Channel3_IRQHandler) refers to hal_dma.o(i.DMA_ClearFlag) for DMA_ClearFlag
    isr.o(i.DMA1_Channel4_IRQHandler) refers to hal_dma.o(i.DMA_GetFlagStatus) for DMA_GetFlagStatus
    isr.o(i.DMA1_Channel4_IRQHandler) refers to hal_dma.o(i.DMA_ClearFlag) for DMA_ClearFlag
    isr.o(i.DMA1_Channel4_IRQHandler) refers to seekfree_7725.o(i.ov7725_dma) for ov7725_dma
    isr.o(i.DMA1_Channel4_IRQHandler) refers to seekfree_uart_7725.o(i.ov7725_uart_dma) for ov7725_uart_dma
    isr.o(i.DMA1_Channel4_IRQHandler) refers to seekfree_mt9v03x.o(i.mt9v03x_dma) for mt9v03x_dma
    isr.o(i.DMA1_Channel4_IRQHandler) refers to common.o(.data) for camera_type
    isr.o(i.DMA1_Channel5_IRQHandler) refers to hal_dma.o(i.DMA_GetFlagStatus) for DMA_GetFlagStatus
    isr.o(i.DMA1_Channel5_IRQHandler) refers to hal_dma.o(i.DMA_ClearFlag) for DMA_ClearFlag
    isr.o(i.DMA1_Channel6_IRQHandler) refers to hal_dma.o(i.DMA_GetFlagStatus) for DMA_GetFlagStatus
    isr.o(i.DMA1_Channel6_IRQHandler) refers to hal_dma.o(i.DMA_ClearFlag) for DMA_ClearFlag
    isr.o(i.DMA1_Channel7_IRQHandler) refers to hal_dma.o(i.DMA_GetFlagStatus) for DMA_GetFlagStatus
    isr.o(i.DMA1_Channel7_IRQHandler) refers to hal_dma.o(i.DMA_ClearFlag) for DMA_ClearFlag
    isr.o(i.DMA2_Channel1_IRQHandler) refers to hal_dma.o(i.DMA_GetFlagStatus) for DMA_GetFlagStatus
    isr.o(i.DMA2_Channel1_IRQHandler) refers to hal_dma.o(i.DMA_ClearFlag) for DMA_ClearFlag
    isr.o(i.DMA2_Channel2_IRQHandler) refers to hal_dma.o(i.DMA_GetFlagStatus) for DMA_GetFlagStatus
    isr.o(i.DMA2_Channel2_IRQHandler) refers to hal_dma.o(i.DMA_ClearFlag) for DMA_ClearFlag
    isr.o(i.DMA2_Channel3_IRQHandler) refers to hal_dma.o(i.DMA_GetFlagStatus) for DMA_GetFlagStatus
    isr.o(i.DMA2_Channel3_IRQHandler) refers to hal_dma.o(i.DMA_ClearFlag) for DMA_ClearFlag
    isr.o(i.DMA2_Channel4_IRQHandler) refers to hal_dma.o(i.DMA_GetFlagStatus) for DMA_GetFlagStatus
    isr.o(i.DMA2_Channel4_IRQHandler) refers to hal_dma.o(i.DMA_ClearFlag) for DMA_ClearFlag
    isr.o(i.DMA2_Channel5_IRQHandler) refers to hal_dma.o(i.DMA_GetFlagStatus) for DMA_GetFlagStatus
    isr.o(i.DMA2_Channel5_IRQHandler) refers to hal_dma.o(i.DMA_ClearFlag) for DMA_ClearFlag
    isr.o(i.EXTI0_IRQHandler) refers to hal_exti.o(i.EXTI_ClearFlag) for EXTI_ClearFlag
    isr.o(i.EXTI15_10_IRQHandler) refers to hal_exti.o(i.EXTI_GetITStatus) for EXTI_GetITStatus
    isr.o(i.EXTI15_10_IRQHandler) refers to hal_exti.o(i.EXTI_ClearFlag) for EXTI_ClearFlag
    isr.o(i.EXTI1_IRQHandler) refers to hal_exti.o(i.EXTI_ClearFlag) for EXTI_ClearFlag
    isr.o(i.EXTI2_IRQHandler) refers to hal_exti.o(i.EXTI_ClearFlag) for EXTI_ClearFlag
    isr.o(i.EXTI3_IRQHandler) refers to hal_exti.o(i.EXTI_ClearFlag) for EXTI_ClearFlag
    isr.o(i.EXTI4_IRQHandler) refers to hal_exti.o(i.EXTI_ClearFlag) for EXTI_ClearFlag
    isr.o(i.EXTI9_5_IRQHandler) refers to hal_exti.o(i.EXTI_GetITStatus) for EXTI_GetITStatus
    isr.o(i.EXTI9_5_IRQHandler) refers to hal_exti.o(i.EXTI_ClearFlag) for EXTI_ClearFlag
    isr.o(i.EXTI9_5_IRQHandler) refers to seekfree_7725.o(i.ov7725_vsync) for ov7725_vsync
    isr.o(i.EXTI9_5_IRQHandler) refers to seekfree_uart_7725.o(i.ov7725_uart_vsync) for ov7725_uart_vsync
    isr.o(i.EXTI9_5_IRQHandler) refers to seekfree_mt9v03x.o(i.mt9v03x_vsync) for mt9v03x_vsync
    isr.o(i.EXTI9_5_IRQHandler) refers to common.o(.data) for camera_type
    isr.o(i.UART8_IRQHandler) refers to seekfree_uart_7725.o(i.ov7725_cof_uart_interrupt) for ov7725_cof_uart_interrupt
    isr.o(i.UART8_IRQHandler) refers to seekfree_mt9v03x.o(i.mt9v03x_uart_callback) for mt9v03x_uart_callback
    isr.o(i.UART8_IRQHandler) refers to common.o(.data) for camera_type
    main.o(i.main) refers to init.o(i.system_init) for system_init
    main.o(i.main) refers to key.o(i.oled_meun) for oled_meun
    beep.o(i.beep_init) refers to zf_gpio.o(i.gpio_init) for gpio_init
    beep.o(i.beep_ring) refers to zf_gpio.o(i.gpio_set) for gpio_set
    beep.o(i.beep_ring) refers to flag.o(.data) for find_flag
    beep.o(i.beep_ring) refers to image.o(.data) for y_coor
    beep.o(i.beep_ring) refers to beep.o(.data) for find_time
    blueteeth.o(i.bt_send_double) refers to malloc.o(i.malloc) for malloc
    blueteeth.o(i.bt_send_double) refers to printfa.o(i.__0sprintf) for __2sprintf
[...]
    i.gpio_get                               0x08003514   Section        0  zf_gpio.o(i.gpio_get)
    i.gpio_init                              0x08003538   Section        0  zf_gpio.o(i.gpio_init)
    i.gpio_set                               0x08003684   Section        0  zf_gpio.o(i.gpio_set)
    i.icm20602_init                          0x080036cc   Section        0  seekfree_icm20602.o(i.icm20602_init)
    i.icm20602_self1_check                   0x08003748   Section        0  seekfree_icm20602.o(i.icm20602_self1_check)
    icm20602_self1_check                     0x08003749   Thumb Code    30  seekfree_icm20602.o(i.icm20602_self1_check)
    i.img_deal                               0x08003768   Section        0  image.o(i.img_deal)
    i.img_erodila                            0x08003784   Section        0  image.o(i.img_erodila)
    i.img_find                               0x08003890   Section        0  image.o(i.img_find)
    i.img_get                                0x080039e0   Section        0  image.o(i.img_get)
    i.key_init                               0x08003ab8   Section        0  key.o(i.key_init)
    i.key_scan                               0x08003b10   Section        0  key.o(i.key_scan)
    i.main                                   0x08003bca   Section        0  main.o(i.main)
    i.malloc                                 0x08003bd8   Section        0  malloc.o(i.malloc)
    i.modify_angspeed                        0x08003c44   Section        0  key.o(i.modify_angspeed)
    i.modify_erect                           0x08003d9c   Section        0  key.o(i.modify_erect)
    i.modify_speed                           0x08003ef0   Section        0  key.o(i.modify_speed)
    i.modify_turn                            0x08004038   Section        0  key.o(i.modify_turn)
    i.motor_init                             0x0800418c   Section        0  motor.o(i.motor_init)
    i.motor_limit                            0x080041d0   Section        0  motor.o(i.motor_limit)
    i.motor_speed                            0x08004274   Section        0  motor.o(i.motor_speed)
    i.mpudata_turn                           0x080042e8   Section        0  mpu.o(i.mpudata_turn)
    i.mt9v03x_dma                            0x08004580   Section        0  seekfree_mt9v03x.o(i.mt9v03x_dma)
    i.mt9v03x_dma_init                       0x080045a0   Section        0  seekfree_mt9v03x.o(i.mt9v03x_dma_init)
    i.mt9v03x_exti_init                      0x080045f0   Section        0  seekfree_mt9v03x.o(i.mt9v03x_exti_init)
    i.mt9v03x_init                           0x08004614   Section        0  seekfree_mt9v03x.o(i.mt9v03x_init)
    i.mt9v03x_tim1_etr_init                  0x08004688   Section        0  seekfree_mt9v03x.o(i.mt9v03x_tim1_etr_init)
    i.mt9v03x_uart_callback                  0x08004698   Section        0  seekfree_mt9v03x.o(i.mt9v03x_uart_callback)
    i.mt9v03x_vsync                          0x080046ec   Section        0  seekfree_mt9v03x.o(i.mt9v03x_vsync)
    i.number_conversion_ascii                0x08004704   Section        0  seekfree_printf.o(i.number_conversion_ascii)
    i.nvic_init                              0x0800478c   Section        0  common.o(i.nvic_init)
    i.oled_dis_bmp                           0x080047b4   Section        0  seekfree_oled.o(i.oled_dis_bmp)
    i.oled_fill                              0x08004938   Section        0  seekfree_oled.o(i.oled_fill)
    i.oled_float                             0x08004974   Section        0  seekfree_oled.o(i.oled_float)
    i.oled_hexascii                          0x08004a38   Section        0  seekfree_oled.o(i.oled_hexascii)
    oled_hexascii                            0x08004a39   Thumb Code    50  seekfree_oled.o(i.oled_hexascii)
    i.oled_image                             0x08004a6c   Section        0  key.o(i.oled_image)
    i.oled_init                              0x08004ab4   Section        0  seekfree_oled.o(i.oled_init)
    i.oled_meun                              0x08004be4   Section        0  key.o(i.oled_meun)
    i.oled_modify                            0x08004d10   Section        0  key.o(i.oled_modify)
    i.oled_p6x8str                           0x08005018   Section        0  seekfree_oled.o(i.oled_p6x8str)
    i.oled_p8x16str                          0x0800507c   Section        0  seekfree_oled.o(i.oled_p8x16str)
    i.oled_printf_int32                      0x08005104   Section        0  seekfree_oled.o(i.oled_printf_int32)
    i.oled_run                               0x08005174   Section        0  key.o(i.oled_run)
    i.oled_set_pos                           0x0800519c   Section        0  seekfree_oled.o(i.oled_set_pos)
    i.oled_state                             0x080051c0   Section        0  key.o(i.oled_state)
    i.oled_str                               0x080053dc   Section        0  seekfree_oled.o(i.oled_str)
    i.oled_uint16                            0x08005464   Section        0  seekfree_oled.o(i.oled_uint16)
    i.oled_wrcmd                             0x08005484   Section        0  seekfree_oled.o(i.oled_wrcmd)
    oled_wrcmd                               0x08005485   Thumb Code   156  seekfree_oled.o(i.oled_wrcmd)
    i.oled_wrdat                             0x08005524   Section        0  seekfree_oled.o(i.oled_wrdat)
    oled_wrdat                               0x08005525   Thumb Code   156  seekfree_oled.o(i.oled_wrdat)
    i.otus_threshold                         0x080055c4   Section        0  image.o(i.otus_threshold)
    i.ov7725_cof_uart_interrupt              0x080056e8   Section        0  seekfree_uart_7725.o(i.ov7725_cof_uart_interrupt)
    i.ov7725_dma                             0x0800573c   Section        0  seekfree_7725.o(i.ov7725_dma)
    i.ov7725_uart_dma                        0x0800575c   Section        0  seekfree_uart_7725.o(i.ov7725_uart_dma)
    i.ov7725_uart_vsync                      0x0800577c   Section        0  seekfree_uart_7725.o(i.ov7725_uart_vsync)
    i.ov7725_vsync                           0x08005794   Section        0  seekfree_7725.o(i.ov7725_vsync)
    i.pid_init                               0x080057ac   Section        0  pid.o(i.pid_init)
    i.printf_reverse_order                   0x080057d0   Section        0  seekfree_printf.o(i.printf_reverse_order)
    i.pwm_duty_updata                        0x080057f4   Section        0  zf_pwm.o(i.pwm_duty_updata)
    i.pwm_init                               0x080058a4   Section        0  zf_pwm.o(i.pwm_init)
    i.pwm_pin_init                           0x08005b48   Section        0  zf_pwm.o(i.pwm_pin_init)
    pwm_pin_init                             0x08005b49   Thumb Code    20  zf_pwm.o(i.pwm_pin_init)
    i.read_ch                                0x08005b5c   Section        0  seekfree_iic.o(i.read_ch)
    read_ch                                  0x08005b5d   Thumb Code   148  seekfree_iic.o(i.read_ch)
    i.run_car                                0x08005bf4   Section        0  flag.o(i.run_car)
    i.sccb_waitack                           0x0800616c   Section        0  seekfree_iic.o(i.sccb_waitack)
    sccb_waitack                             0x0800616d   Thumb Code    98  seekfree_iic.o(i.sccb_waitack)
    i.send_ch                                0x080061d4   Section        0  seekfree_iic.o(i.send_ch)
    send_ch                                  0x080061d5   Thumb Code   108  seekfree_iic.o(i.send_ch)
    i.set_config                             0x08006244   Section        0  seekfree_mt9v03x.o(i.set_config)
    i.simiic_delay                           0x080062bc   Section        0  seekfree_iic.o(i.simiic_delay)
    simiic_delay                             0x080062bd   Thumb Code    18  seekfree_iic.o(i.simiic_delay)
    i.simiic_init                            0x080062d4   Section        0  seekfree_iic.o(i.simiic_init)
    i.simiic_read_reg                        0x080062f0   Section        0  seekfree_iic.o(i.simiic_read_reg)
    i.simiic_read_regs                       0x0800633a   Section        0  seekfree_iic.o(i.simiic_read_regs)
    i.simiic_sendack                         0x0800639c   Section        0  seekfree_iic.o(i.simiic_sendack)
    simiic_sendack                           0x0800639d   Thumb Code   102  seekfree_iic.o(i.simiic_sendack)
    i.simiic_start                           0x08006408   Section        0  seekfree_iic.o(i.simiic_start)
    simiic_start                             0x08006409   Thumb Code    76  seekfree_iic.o(i.simiic_start)
    i.simiic_stop                            0x08006458   Section        0  seekfree_iic.o(i.simiic_stop)
    simiic_stop                              0x08006459   Thumb Code    80  seekfree_iic.o(i.simiic_stop)
    i.simiic_write_reg                       0x080064ac   Section        0  seekfree_iic.o(i.simiic_write_reg)
    i.speed                                  0x080064d8   Section        0  pid.o(i.speed)
    i.system_init                            0x08006588   Section        0  init.o(i.system_init)
    i.systick_delay                          0x080066c4   Section        0  zf_systick.o(i.systick_delay)
    i.systick_delay_ms                       0x080066ec   Section        0  zf_systick.o(i.systick_delay_ms)
    i.tim_encoder_get_count                  0x08006714   Section        0  zf_tim.o(i.tim_encoder_get_count)
    i.tim_encoder_init                       0x0800672c   Section        0  zf_tim.o(i.tim_encoder_init)
    i.tim_encoder_pin_init                   0x0800681c   Section        0  zf_tim.o(i.tim_encoder_pin_init)
    tim_encoder_pin_init                     0x0800681d   Thumb Code    20  zf_tim.o(i.tim_encoder_pin_init)
    i.tim_encoder_rst                        0x08006830   Section        0  zf_tim.o(i.tim_encoder_rst)
    i.tim_interrupt_init_ms                  0x08006854   Section        0  zf_pit.o(i.tim_interrupt_init_ms)
    i.turn                                   0x0800692c   Section        0  pid.o(i.turn)
    i.uart_init                              0x08006974   Section        0  zf_uart.o(i.uart_init)
    i.uart_pin_init                          0x08006b08   Section        0  zf_uart.o(i.uart_pin_init)
    uart_pin_init                            0x08006b09   Thumb Code    36  zf_uart.o(i.uart_pin_init)
    i.uart_putbuff                           0x08006b2c   Section        0  zf_uart.o(i.uart_putbuff)
    i.uart_rx_irq                            0x08006b5c   Section        0  zf_uart.o(i.uart_rx_irq)
    i.zf_sprintf                             0x08006ba4   Section        0  seekfree_printf.o(i.zf_sprintf)
    .constdata                               0x08006e88   Section     7048  seekfree_font.o(.constdata)
    .constdata                               0x08008a10   Section      152  atan.o(.constdata)
    atanhi                                   0x08008a10   Data          32  atan.o(.constdata)
    atanlo                                   0x08008a30   Data          32  atan.o(.constdata)
    aTodd                                    0x08008a50   Data          40  atan.o(.constdata)
    aTeven                                   0x08008a78   Data          48  atan.o(.constdata)
    .data                                    0x20000000   Section        3  beep.o(.data)
    flag                                     0x20000000   Data           1  beep.o(.data)
    cut_time                                 0x20000001   Data           1  beep.o(.data)
    find_time                                0x20000002   Data           1  beep.o(.data)
    .data                                    0x20000004   Section        9  control.o(.data)
    flag_20ms                                0x2000000a   Data           1  control.o(.data)
    flag_10ms                                0x2000000b   Data           1  control.o(.data)
    flag_50ms                                0x2000000c   Data           1  control.o(.data)
    .data                                    0x2000000d   Section        7  flag.o(.data)
    .data                                    0x20000014   Section        6  function.o(.data)
    Data                                     0x20000014   Data           6  function.o(.data)
    .data                                    0x2000001a   Section       11  image.o(.data)
    count                                    0x20000022   Data           1  image.o(.data)
    x_last                                   0x20000023   Data           1  image.o(.data)
    y_last                                   0x20000024   Data           1  image.o(.data)
    .data                                    0x20000028   Section     1036  init.o(.data)
    .data                                    0x20000434   Section        2  key.o(.data)
    .data                                    0x20000436   Section        8  motor.o(.data)
    .data                                    0x20000440   Section       48  mpu.o(.data)
    angle_last                               0x2000044c   Data           4  mpu.o(.data)
    angle                                    0x20000450   Data           4  mpu.o(.data)
    Q_bias                                   0x20000454   Data           4  mpu.o(.data)
    K_0                                      0x20000458   Data           4  mpu.o(.data)
    K_1                                      0x2000045c   Data           4  mpu.o(.data)
    PP                                       0x20000460   Data          16  mpu.o(.data)
    .data                                    0x20000470   Section        8  pid.o(.data)
    last_out                                 0x20000470   Data           8  pid.o(.data)
    .data                                    0x20000478   Section        8  common.o(.data)
    .data                                    0x20000480   Section       20  system_mm32f327x.o(.data)
    .data                                    0x20000494   Section        2  zf_flash.o(.data)
    gFlashStatus                             0x20000494   Data           1  zf_flash.o(.data)
    gFlashStatus                             0x20000495   Data           1  zf_flash.o(.data)
    .data                                    0x20000498   Section       32  zf_gpio.o(.data)
    .data                                    0x200004b8   Section       32  zf_tim.o(.data)
    .data                                    0x200004d8   Section       40  zf_uart.o(.data)
    .data                                    0x20000500   Section        4  seekfree_7725.o(.data)
    ov7725_simiic_delay_time                 0x20000502   Data           2  seekfree_7725.o(.data)
    .data                                    0x20000504   Section       12  seekfree_icm20602.o(.data)
    .data                                    0x20000510   Section       12  seekfree_iic.o(.data)
    simiic_delay_time                        0x2000051a   Data           2  seekfree_iic.o(.data)
    .data                                    0x2000051c   Section       74  seekfree_mt9v03x.o(.data)
    receive                                  0x2000051d   Data           3  seekfree_mt9v03x.o(.data)
    receive_num                              0x20000520   Data           1  seekfree_mt9v03x.o(.data)
    uart_receive_flag                        0x20000521   Data           1  seekfree_mt9v03x.o(.data)
    .data                                    0x20000566   Section       51  seekfree_uart_7725.o(.data)
    ov7725_uart_receive                      0x20000594   Data           3  seekfree_uart_7725.o(.data)
    ov7725_uart_receive_num                  0x20000597   Data           1  seekfree_uart_7725.o(.data)
    ov7725_uart_receive_flag                 0x20000598   Data           1  seekfree_uart_7725.o(.data)
    .data                                    0x20000599   Section       16  hal_rcc.o(.data)
    .data                                    0x200005ac   Section        4  mvars.o(.data)
    .data                                    0x200005b0   Section        4  mvars.o(.data)
    .bss                                     0x200005b4   Section      256  blueteeth.o(.bss)
    .bss                                     0x200006b4   Section    41984  image.o(.bss)
    .bss                                     0x2000aab4   Section     1024  init.o(.bss)
    .bss                                     0x2000aeb4   Section       72  mpu.o(.bss)
    .bss                                     0x2000af00   Section      144  pid.o(.bss)
    .bss                                     0x2000af90   Section       32  zf_pwm.o(.bss)
    .bss                                     0x2000afb0   Section     8192  seekfree_mt9v03x.o(.bss)
    HEAP                                     0x2000cfb0   Section      512  startup_mm32f327x_keil.o(HEAP)
    STACK                                    0x2000d1b0   Section     8192  startup_mm32f327x_keil.o(STACK)

    Global Symbols

    Symbol Name                              Value     Ov Type        Size  Object(Section)

    BuildAttributes$$THM_ISAv4$P$D$K$B$S$PE$A:L22UL41UL21$X:L11$S22US41US21$IEEE1$IW$USESV6$~STKCKD$USESV7$~SHL$OTIME$ROPI$IEEEX$EBA8$MICROLIB$REQ8$PRES8$EABIv2 0x00000000   Number         0  anon$$obj.o ABSOLUTE
    __ARM_use_no_argv                        0x00000000   Number         0  main.o ABSOLUTE
    _printf_a                                0x00000000   Number         0  stubs.o ABSOLUTE
    _printf_c                                0x00000000   Number         0  stubs.o ABSOLUTE
    _printf_charcount                        0x00000000   Number         0  stubs.o ABSOLUTE
    _printf_d                                0x00000000   Number         0  stubs.o ABSOLUTE
    _printf_e                                0x00000000   Number         0  stubs.o ABSOLUTE
    _printf_f                                0x00000000   Number         0  stubs.o ABSOLUTE
    _printf_flags                            0x00000000   Number         0  stubs.o ABSOLUTE
    _printf_fp_dec                           0x00000000   Number         0  stubs.o ABSOLUTE
    _printf_fp_hex                           0x00000000   Number         0  stubs.o ABSOLUTE
    _printf_g                                0x00000000   Number         0  stubs.o ABSOLUTE
    _printf_i                                0x00000000   Number         0  stubs.o ABSOLUTE
    _printf_int_dec                          0x00000000   Number         0  stubs.o ABSOLUTE
    _printf_l                                0x00000000   Number         0  stubs.o ABSOLUTE
    _printf_lc                               0x00000000   Number         0  stubs.o ABSOLUTE
    _printf_ll                               0x00000000   Number         0  stubs.o ABSOLUTE
    _printf_lld                              0x00000000   Number         0  stubs.o ABSOLUTE
    _printf_lli                              0x00000000   Number         0  stubs.o ABSOLUTE
    _printf_llo                              0x00000000   Number         0  stubs.o ABSOLUTE
    _printf_llu                              0x00000000   Number         0  stubs.o ABSOLUTE
    _printf_llx                              0x00000000   Number         0  stubs.o ABSOLUTE
    _printf_longlong_dec                     0x00000000   Number         0  stubs.o ABSOLUTE
    _printf_longlong_hex                     0x00000000   Number         0  stubs.o ABSOLUTE
    _printf_longlong_oct                     0x00000000   Number         0  stubs.o ABSOLUTE
    _printf_ls                               0x00000000   Number         0  stubs.o ABSOLUTE
    _printf_mbtowc                           0x00000000   Number         0  stubs.o ABSOLUTE
    _printf_n                                0x00000000   Number         0  stubs.o ABSOLUTE
    _printf_o                                0x00000000   Number         0  stubs.o ABSOLUTE
    _printf_p                                0x00000000   Number         0  stubs.o ABSOLUTE
    _printf_percent                          0x00000000   Number         0  stubs.o ABSOLUTE
    _printf_pre_padding                      0x00000000   Number         0  stubs.o ABSOLUTE
    _printf_return_value                     0x00000000   Number         0  stubs.o ABSOLUTE
    _printf_s                                0x00000000   Number         0  stubs.o ABSOLUTE
    _printf_sizespec                         0x00000000   Number         0  stubs.o ABSOLUTE
    _printf_str                              0x00000000   Number         0  stubs.o ABSOLUTE
    _printf_truncate_signed                  0x00000000   Number         0  stubs.o ABSOLUTE
    _printf_truncate_unsigned                0x00000000   Number         0  stubs.o ABSOLUTE
    _printf_u                                0x00000000   Number         0  stubs.o ABSOLUTE
    _printf_wc                               0x00000000   Number         0  stubs.o ABSOLUTE
    _printf_wctomb                           0x00000000   Number         0  stubs.o ABSOLUTE
    _printf_widthprec                        0x00000000   Number         0  stubs.o ABSOLUTE
    _printf_x                                0x00000000   Number         0  stubs.o ABSOLUTE
    __cpp_initialize__aeabi_                  - Undefined Weak Reference
    __cxa_finalize                            - Undefined Weak Reference
    _clock_init                               - Undefined Weak Reference
    _microlib_exit                            - Undefined Weak Reference
    __Vectors_Size                           0x00000190   Number         0  startup_mm32f327x_keil.o ABSOLUTE
    __Vectors                                0x08000000   Data           4  startup_mm32f327x_keil.o(RESET)
    __Vectors_End                            0x08000190   Data           0  startup_mm32f327x_keil.o(RESET)
    __main                                   0x08000191   Thumb Code     0  entry.o(.ARM.Collect$$$$00000000)
    _main_stk                                0x08000191   Thumb Code     0  entry2.o(.ARM.Collect$$$$00000001)
    _main_scatterload                        0x08000195   Thumb Code     0  entry5.o(.ARM.Collect$$$$00000004)
    __main_after_scatterload                 0x08000199   Thumb Code     0  entry5.o(.ARM.Collect$$$$00000004)
    _main_clock                              0x08000199   Thumb Code     0  entry7b.o(.ARM.Collect$$$$00000008)
    _main_cpp_init                           0x08000199   Thumb Code     0  entry8b.o(.ARM.Collect$$$$0000000A)
    _main_init                               0x08000199   Thumb Code     0  entry9a.o(.ARM.Collect$$$$0000000B)
    __rt_final_cpp                           0x080001a1   Thumb Code     0  entry10a.o(.ARM.Collect$$$$0000000D)
    __rt_final_exit                          0x080001a1   Thumb Code     0  entry11a.o(.ARM.Collect$$$$0000000F)
    Reset_Handler                            0x080001a5   Thumb Code     8  startup_mm32f327x_keil.o(.text)
    SysTick_Handler                          0x080001bd   Thumb Code     2  startup_mm32f327x_keil.o(.text)
    ADC1_2_IRQHandler                        0x080001bf   Thumb Code     0  startup_mm32f327x_keil.o(.text)
    ADC3_IRQHandler                          0x080001bf   Thumb Code     0  startup_mm32f327x_keil.o(.text)
    CAN1_RX_IRQHandler                       0x080001bf   Thumb Code     0  startup_mm32f327x_keil.o(.text)
    COMP1_2_IRQHandler                       0x080001bf   Thumb Code     0  startup_mm32f327x_keil.o(.text)
    ETH_IRQHandler                           0x080001bf   Thumb Code     0  startup_mm32f327x_keil.o(.text)
    FLASH_IRQHandler                         0x080001bf   Thumb Code     0  startup_mm32f327x_keil.o(.text)
    FlashCache_IRQHandler                    0x080001bf   Thumb Code     0  startup_mm32f327x_keil.o(.text)
    I2C1_IRQHandler                          0x080001bf   Thumb Code     0  startup_mm32f327x_keil.o(.text)
    I2C2_IRQHandler                          0x080001bf   Thumb Code     0  startup_mm32f327x_keil.o(.text)
    OTG_FS_IRQHandler                        0x080001bf   Thumb Code     0  startup_mm32f327x_keil.o(.text)
    OTG_FS_WKUP_IRQHandler                   0x080001bf   Thumb Code     0  startup_mm32f327x_keil.o(.text)
    PVD_IRQHandler                           0x080001bf   Thumb Code     0  startup_mm32f327x_keil.o(.text)
    RCC_CRS_IRQHandler                       0x080001bf   Thumb Code     0  startup_mm32f327x_keil.o(.text)
    RTCAlarm_IRQHandler                      0x080001bf   Thumb Code     0  startup_mm32f327x_keil.o(.text)
    RTC_IRQHandler                           0x080001bf   Thumb Code     0  startup_mm32f327x_keil.o(.text)
    SDIO_IRQHandler                          0x080001bf   Thumb Code     0  startup_mm32f327x_keil.o(.text)
    SPI1_IRQHandler                          0x080001bf   Thumb Code     0  startup_mm32f327x_keil.o(.text)
    SPI2_IRQHandler                          0x080001bf   Thumb Code     0  startup_mm32f327x_keil.o(.text)
    SPI3_IRQHandler                          0x080001bf   Thumb Code     0  startup_mm32f327x_keil.o(.text)
    TAMPER_IRQHandler                        0x080001bf   Thumb Code     0  startup_mm32f327x_keil.o(.text)
    TIM1_BRK_IRQHandler                      0x080001bf   Thumb Code     0  startup_mm32f327x_keil.o(.text)
    TIM1_CC_IRQHandler                       0x080001bf   Thumb Code     0  startup_mm32f327x_keil.o(.text)
    TIM1_TRG_COM_IRQHandler                  0x080001bf   Thumb Code     0  startup_mm32f327x_keil.o(.text)
    TIM8_BRK_IRQHandler                      0x080001bf   Thumb Code     0  startup_mm32f327x_keil.o(.text)
    TIM8_CC_IRQHandler                       0x080001bf   Thumb Code     0  startup_mm32f327x_keil.o(.text)
    TIM8_TRG_COM_IRQHandler                  0x080001bf   Thumb Code     0  startup_mm32f327x_keil.o(.text)
    WWDG_IRQHandler                          0x080001bf   Thumb Code     0  startup_mm32f327x_keil.o(.text)
    __aeabi_uldivmod                         0x080001c9   Thumb Code    98  uldiv.o(.text)
    __aeabi_memcpy                           0x0800022b   Thumb Code    36  memcpya.o(.text)
    __aeabi_memcpy4                          0x0800022b   Thumb Code     0  memcpya.o(.text)
    __aeabi_memcpy8                          0x0800022b   Thumb Code     0  memcpya.o(.text)
    __aeabi_fadd                             0x0800024f   Thumb Code   164  fadd.o(.text)
    __aeabi_fsub                             0x080002f3   Thumb Code     6  fadd.o(.text)
    __aeabi_frsub                            0x080002f9   Thumb Code     6  fadd.o(.text)
    __aeabi_fmul                             0x080002ff   Thumb Code   100  fmul.o(.text)
    __aeabi_fdiv                             0x08000363   Thumb Code   124  fdiv.o(.text)
    __aeabi_dadd                             0x080003df   Thumb Code   322  dadd.o(.text)
    __aeabi_dsub                             0x08000521   Thumb Code     6  dadd.o(.text)
    __aeabi_drsub                            0x08000527   Thumb Code     6  dadd.o(.text)
    __aeabi_dmul                             0x0800052d   Thumb Code   228  dmul.o(.text)
    __aeabi_ddiv                             0x08000611   Thumb Code   222  ddiv.o(.text)
    __aeabi_i2f                              0x080006ef   Thumb Code    18  fflti.o(.text)
    __aeabi_ui2f                             0x08000701   Thumb Code    10  ffltui.o(.text)
    __aeabi_i2d                              0x0800070b   Thumb Code    34  dflti.o(.text)
    __aeabi_ui2d                             0x0800072d   Thumb Code    26  dfltui.o(.text)
    __aeabi_f2uiz                            0x08000747   Thumb Code    40  ffixui.o(.text)
    __aeabi_d2iz                             0x0800076f   Thumb Code    62  dfixi.o(.text)
    __aeabi_f2d                              0x080007ad   Thumb Code    38  f2d.o(.text)
    __aeabi_cdcmpeq                          0x080007d5   Thumb Code     0  cdcmple.o(.text)
    __aeabi_cdcmple                          0x080007d5   Thumb Code    48  cdcmple.o(.text)
    __aeabi_cdrcmple                         0x08000805   Thumb Code    48  cdrcmple.o(.text)
    __aeabi_d2f                              0x08000835   Thumb Code    56  d2f.o(.text)
    __aeabi_cfcmpeq                          0x0800086d   Thumb Code     0  cfcmple.o(.text)
    __aeabi_cfcmple                          0x0800086d   Thumb Code    20  cfcmple.o(.text)
    __aeabi_cfrcmple                         0x08000881   Thumb Code    20  cfrcmple.o(.text)
    __aeabi_uidiv                            0x08000895   Thumb Code     0  uidiv.o(.text)
    __aeabi_uidivmod                         0x08000895   Thumb Code    44  uidiv.o(.text)
    __aeabi_llsl                             0x080008c1   Thumb Code    30  llshl.o(.text)
    _ll_shift_l                              0x080008c1   Thumb Code     0  llshl.o(.text)
    __aeabi_llsr                             0x080008df   Thumb Code    32  llushr.o(.text)
    _ll_ushift_r                             0x080008df   Thumb Code     0  llushr.o(.text)
    __aeabi_lasr                             0x080008ff   Thumb Code    36  llsshr.o(.text)
    _ll_sshift_r                             0x080008ff   Thumb Code     0  llsshr.o(.text)
    __I$use$fp                               0x08000923   Thumb Code     0  iusefp.o(.text)
    _float_round                             0x08000923   Thumb Code    18  fepilogue.o(.text)
    _float_epilogue                          0x08000935   Thumb Code    92  fepilogue.o(.text)
    _double_round                            0x08000991   Thumb Code    30  depilogue.o(.text)
    _double_epilogue                         0x080009af   Thumb Code   156  depilogue.o(.text)
    __ARM_scalbn                             0x08000a4b   Thumb Code    46  dscalb.o(.text)
    scalbn                                   0x08000a4b   Thumb Code     0  dscalb.o(.text)
    __aeabi_d2ulz                            0x08000a79   Thumb Code    48  dfixul.o(.text)
    __scatterload                            0x08000aa9   Thumb Code    28  init.o(.text)
    __scatterload_rt2                        0x08000aa9   Thumb Code     0  init.o(.text)
    __decompress                             0x08000acd   Thumb Code     0  __dczerorl2.o(.text)
    __decompress1                            0x08000acd   Thumb Code    86  __dczerorl2.o(.text)
    AutoCalPllFactor                         0x08000b23   Thumb Code   102  system_mm32f327x.o(i.AutoCalPllFactor)
    BusFault_Handler                         0x08000b89   Thumb Code     4  common.o(i.BusFault_Handler)
    DMA1_Channel1_IRQHandler                 0x08000bcf   Thumb Code    20  isr.o(i.DMA1_Channel1_IRQHandler)
    DMA1_Channel2_IRQHandler                 0x08000be3   Thumb Code    20  isr.o(i.DMA1_Channel2_IRQHandler)
    DMA1_Channel3_IRQHandler                 0x08000bf7   Thumb Code    22  isr.o(i.DMA1_Channel3_IRQHandler)
    DMA1_Channel4_IRQHandler                 0x08000c0d   Thumb Code    62  isr.o(i.DMA1_Channel4_IRQHandler)
    DMA1_Channel5_IRQHandler                 0x08000c51   Thumb Code    22  isr.o(i.DMA1_Channel5_IRQHandler)
    DMA1_Channel6_IRQHandler                 0x08000c67   Thumb Code    22  isr.o(i.DMA1_Channel6_IRQHandler)
    DMA1_Channel7_IRQHandler                 0x08000c7d   Thumb Code    22  isr.o(i.DMA1_Channel7_IRQHandler)
    DMA2_Channel1_IRQHandler                 0x08000c95   Thumb Code    20  isr.o(i.DMA2_Channel1_IRQHandler)
    DMA2_Channel2_IRQHandler                 0x08000cad   Thumb Code    20  isr.o(i.DMA2_Channel2_IRQHandler)
    DMA2_Channel3_IRQHandler                 0x08000cc5   Thumb Code    20  isr.o(i.DMA2_Channel3_IRQHandler)
    DMA2_Channel4_IRQHandler                 0x08000cdd   Thumb Code    20  isr.o(i.DMA2_Channel4_IRQHandler)
    DMA2_Channel5_IRQHandler                 0x08000cf5   Thumb Code    20  isr.o(i.DMA2_Channel5_IRQHandler)
    DMA_ClearFlag                            0x08000d0d   Thumb Code    20  hal_dma.o(i.DMA_ClearFlag)
    DMA_Cmd                                  0x08000d29   Thumb Code    12  hal_dma.o(i.DMA_Cmd)
    DMA_DeInit                               0x08000d35   Thumb Code    82  hal_dma.o(i.DMA_DeInit)
    DMA_GetFlagStatus                        0x08000d91   Thumb Code    40  hal_dma.o(i.DMA_GetFlagStatus)
    DMA_ITConfig                             0x08000dc1   Thumb Code    18  hal_dma.o(i.DMA_ITConfig)
    DMA_Init                                 0x08000dd3   Thumb Code    70  hal_dma.o(i.DMA_Init)
    DebugMon_Handler                         0x08000e19   Thumb Code     4  common.o(i.DebugMon_Handler)
    EXTI0_IRQHandler                         0x08000e1d   Thumb Code    10  isr.o(i.EXTI0_IRQHandler)
    EXTI15_10_IRQHandler                     0x08000e27   Thumb Code   112  isr.o(i.EXTI15_10_IRQHandler)
    EXTI1_IRQHandler                         0x08000e97   Thumb Code    10  isr.o(i.EXTI1_IRQHandler)
    EXTI2_IRQHandler                         0x08000ea1   Thumb Code    10  isr.o(i.EXTI2_IRQHandler)
    EXTI3_IRQHandler                         0x08000eab   Thumb Code    10  isr.o(i.EXTI3_IRQHandler)
    EXTI4_IRQHandler                         0x08000eb5   Thumb Code    10  isr.o(i.EXTI4_IRQHandler)
    EXTI9_5_IRQHandler                       0x08000ec1   Thumb Code   122  isr.o(i.EXTI9_5_IRQHandler)
    EXTI_ClearFlag                           0x08000f41   Thumb Code     6  hal_exti.o(i.EXTI_ClearFlag)
    EXTI_GetITStatus                         0x08000f4d   Thumb Code    28  hal_exti.o(i.EXTI_GetITStatus)
    EXTI_Init                                0x08000f6d   Thumb Code   210  hal_exti.o(i.EXTI_Init)
    EXTI_LineConfig                          0x08001045   Thumb Code    56  hal_exti.o(i.EXTI_LineConfig)
    EXTI_StructInit                          0x08001081   Thumb Code    16  hal_exti.o(i.EXTI_StructInit)
    FLASH_ClearFlag                          0x08001091   Thumb Code     6  hal_flash.o(i.FLASH_ClearFlag)
    FLASH_ErasePage                          0x0800109d   Thumb Code    38  hal_flash.o(i.FLASH_ErasePage)
    FLASH_GetStatus                          0x080010c9   Thumb Code    46  hal_flash.o(i.FLASH_GetStatus)
    FLASH_Lock                               0x080010fd   Thumb Code    14  hal_flash.o(i.FLASH_Lock)
    FLASH_ProgramHalfWord                    0x08001111   Thumb Code    28  hal_flash.o(i.FLASH_ProgramHalfWord)
    FLASH_ProgramWord                        0x08001131   Thumb Code    34  hal_flash.o(i.FLASH_ProgramWord)
    FLASH_Unlock                             0x08001155   Thumb Code    12  hal_flash.o(i.FLASH_Unlock)
    FLASH_WaitForLastOperation               0x0800116d   Thumb Code    52  hal_flash.o(i.FLASH_WaitForLastOperation)
    HardFault_Handler                        0x080011a5   Thumb Code     4  common.o(i.HardFault_Handler)
    LPF_lst                                  0x080011a9   Thumb Code    80  function.o(i.LPF_lst)
    Limit_data                               0x080011f9   Thumb Code   140  function.o(i.Limit_data)
    Median_filter                            0x08001285   Thumb Code    86  function.o(i.Median_filter)
    MemManage_Handler                        0x080012e1   Thumb Code     4  common.o(i.MemManage_Handler)
    NMI_Handler                              0x080012e5   Thumb Code     4  common.o(i.NMI_Handler)
    NVIC_Init                                0x080012e9   Thumb Code    96  hal_misc.o(i.NVIC_Init)
    PendSV_Handler                           0x08001355   Thumb Code     4  common.o(i.PendSV_Handler)
    RCC_AHBPeriphClockCmd                    0x08001359   Thumb Code    26  hal_rcc.o(i.RCC_AHBPeriphClockCmd)
    RCC_APB1PeriphClockCmd                   0x08001379   Thumb Code    26  hal_rcc.o(i.RCC_APB1PeriphClockCmd)
    RCC_APB2PeriphClockCmd                   0x08001399   Thumb Code    26  hal_rcc.o(i.RCC_APB2PeriphClockCmd)
    RCC_GetHCLKFreq                          0x080013b9   Thumb Code    22  hal_rcc.o(i.RCC_GetHCLKFreq)
    RCC_GetPCLK2Freq                         0x080013d9   Thumb Code    22  hal_rcc.o(i.RCC_GetPCLK2Freq)
    RCC_GetSysClockFreq                      0x080013f9   Thumb Code   102  hal_rcc.o(i.RCC_GetSysClockFreq)
    SVC_Handler                              0x0800146d   Thumb Code     4  common.o(i.SVC_Handler)
    Smooth_output                            0x08001695   Thumb Code    36  function.o(i.Smooth_output)
    Sort_data                                0x080016b9   Thumb Code    40  function.o(i.Sort_data)
    SystemInit                               0x080016e1   Thumb Code    82  system_mm32f327x.o(i.SystemInit)
    TIM1_UP_IRQHandler                       0x08001745   Thumb Code    14  isr.o(i.TIM1_UP_IRQHandler)
    TIM2_IRQHandler                          0x08001759   Thumb Code    18  isr.o(i.TIM2_IRQHandler)
    TIM3_IRQHandler                          0x0800176d   Thumb Code    14  isr.o(i.TIM3_IRQHandler)
    TIM4_IRQHandler                          0x08001781   Thumb Code    14  isr.o(i.TIM4_IRQHandler)
    TIM5_IRQHandler                          0x08001795   Thumb Code    14  isr.o(i.TIM5_IRQHandler)
    TIM6_IRQHandler                          0x080017a9   Thumb Code   244  control.o(i.TIM6_IRQHandler)
    TIM7_IRQHandler                          0x080018cd   Thumb Code   170  control.o(i.TIM7_IRQHandler)
    TIM8_UP_IRQHandler                       0x080019a5   Thumb Code    14  isr.o(i.TIM8_UP_IRQHandler)
    TIM_Cmd                                  0x080019b9   Thumb Code    22  hal_tim.o(i.TIM_Cmd)
    TIM_DMACmd                               0x080019cf   Thumb Code    18  hal_tim.o(i.TIM_DMACmd)
    TIM_ETRClockMode1Config                  0x080019e1   Thumb Code    32  hal_tim.o(i.TIM_ETRClockMode1Config)
    TIM_ETRConfig                            0x08001a01   Thumb Code    44  hal_tim.o(i.TIM_ETRConfig)
    TIM_SelectInputTrigger                   0x08001a2d   Thumb Code    12  hal_tim.o(i.TIM_SelectInputTrigger)
    TIM_SelectMasterSlaveMode                0x08001a39   Thumb Code    12  hal_tim.o(i.TIM_SelectMasterSlaveMode)
    TIM_SelectSlaveMode                      0x08001a45   Thumb Code    12  hal_tim.o(i.TIM_SelectSlaveMode)
    TIM_TimeBaseInit                         0x08001a51   Thumb Code    98  hal_tim.o(i.TIM_TimeBaseInit)
    UART1_IRQHandler                         0x08001ac9   Thumb Code    54  isr.o(i.UART1_IRQHandler)
    UART2_IRQHandler                         0x08001b05   Thumb Code    54  isr.o(i.UART2_IRQHandler)
    UART3_IRQHandler                         0x08001b41   Thumb Code    54  isr.o(i.UART3_IRQHandler)
    UART4_IRQHandler                         0x08001b7d   Thumb Code    54  isr.o(i.UART4_IRQHandler)
    UART5_IRQHandler                         0x08001bb9   Thumb Code    46  isr.o(i.UART5_IRQHandler)
    UART6_IRQHandler                         0x08001bed   Thumb Code    54  isr.o(i.UART6_IRQHandler)
    UART7_IRQHandler                         0x08001c29   Thumb Code    54  isr.o(i.UART7_IRQHandler)
    UART8_IRQHandler                         0x08001c65   Thumb Code    86  isr.o(i.UART8_IRQHandler)
    UsageFault_Handler                       0x08001cc5   Thumb Code     4  common.o(i.UsageFault_Handler)
    __0sprintf                               0x08001cc9   Thumb Code    34  printfa.o(i.__0sprintf)
    __1sprintf                               0x08001cc9   Thumb Code     0  printfa.o(i.__0sprintf)
    __2sprintf                               0x08001cc9   Thumb Code     0  printfa.o(i.__0sprintf)
    __c89sprintf                             0x08001cc9   Thumb Code     0  printfa.o(i.__0sprintf)
    sprintf                                  0x08001cc9   Thumb Code     0  printfa.o(i.__0sprintf)
    __ARM_fpclassify                         0x08001cf1   Thumb Code    40  fpclassify.o(i.__ARM_fpclassify)
    __kernel_poly                            0x08001d19   Thumb Code   170  poly.o(i.__kernel_poly)
    __mathlib_dbl_infnan                     0x08001dc3   Thumb Code     6  dunder.o(i.__mathlib_dbl_infnan)
    __mathlib_dbl_underflow                  0x08001dc9   Thumb Code    10  dunder.o(i.__mathlib_dbl_underflow)
    __scatterload_copy                       0x08001dd9   Thumb Code    14  handlers.o(i.__scatterload_copy)
    __scatterload_null                       0x08001de7   Thumb Code     2  handlers.o(i.__scatterload_null)
    __scatterload_zeroinit                   0x08001de9   Thumb Code    14  handlers.o(i.__scatterload_zeroinit)
    afio_init                                0x08002695   Thumb Code   218  zf_gpio.o(i.afio_init)
    angspeed                                 0x08002779   Thumb Code   246  pid.o(i.angspeed)
    atan                                     0x08002881   Thumb Code   474  atan.o(i.atan)
    beep_init                                0x08002aa1   Thumb Code    16  beep.o(i.beep_init)
    beep_ring                                0x08002ab1   Thumb Code   128  beep.o(i.beep_ring)
    board_init                               0x08002b49   Thumb Code    52  board.o(i.board_init)
    bt_send_double                           0x08002b85   Thumb Code   142  blueteeth.o(i.bt_send_double)
    camera_dma_init                          0x08002c1d   Thumb Code   240  zf_camera.o(i.camera_dma_init)
    camera_tim_etr_init                      0x08002d19   Thumb Code   280  zf_camera.o(i.camera_tim_etr_init)
    encoder_init                             0x08002e35   Thumb Code    32  encoder.o(i.encoder_init)
    encoder_read                             0x08002e55   Thumb Code    22  encoder.o(i.encoder_read)
    erect                                    0x08002e6d   Thumb Code    86  pid.o(i.erect)
    exti_interrupt_init                      0x08002ecd   Thumb Code   212  zf_exti.o(i.exti_interrupt_init)
    flash_check                              0x08002fa5   Thumb Code    48  zf_flash.o(i.flash_check)
    flash_erase_page                         0x08002fd5   Thumb Code    66  zf_flash.o(i.flash_erase_page)
    flash_page_program                       0x0800301d   Thumb Code    98  zf_flash.o(i.flash_page_program)
    flash_page_read                          0x08003085   Thumb Code    38  zf_flash.o(i.flash_page_read)
    flash_read                               0x080030ad   Thumb Code   308  init.o(i.flash_read)
    flash_write                              0x0800321d   Thumb Code   164  init.o(i.flash_write)
    free                                     0x080032f9   Thumb Code    76  malloc.o(i.free)
    get_config                               0x08003349   Thumb Code    96  seekfree_mt9v03x.o(i.get_config)
    get_encoder                              0x080033b1   Thumb Code   168  encoder.o(i.get_encoder)
    get_icm20602_accdata                     0x08003465   Thumb Code    74  seekfree_icm20602.o(i.get_icm20602_accdata)
    get_icm20602_gyro                        0x080034bd   Thumb Code    74  seekfree_icm20602.o(i.get_icm20602_gyro)
    gpio_get                                 0x08003515   Thumb Code    32  zf_gpio.o(i.gpio_get)
    gpio_init                                0x08003539   Thumb Code   322  zf_gpio.o(i.gpio_init)
    gpio_set                                 0x08003685   Thumb Code    68  zf_gpio.o(i.gpio_set)
    icm20602_init                            0x080036cd   Thumb Code   124  seekfree_icm20602.o(i.icm20602_init)
    img_deal                                 0x08003769   Thumb Code    22  image.o(i.img_deal)
    img_erodila                              0x08003785   Thumb Code   256  image.o(i.img_erodila)
    img_find                                 0x08003891   Thumb Code   306  image.o(i.img_find)
    img_get                                  0x080039e1   Thumb Code   180  image.o(i.img_get)
    key_init                                 0x08003ab9   Thumb Code    82  key.o(i.key_init)
    key_scan                                 0x08003b11   Thumb Code   186  key.o(i.key_scan)
    main                                     0x08003bcb   Thumb Code    12  main.o(i.main)
    malloc                                   0x08003bd9   Thumb Code    92  malloc.o(i.malloc)
    modify_angspeed                          0x08003c45   Thumb Code   304  key.o(i.modify_angspeed)
    modify_erect                             0x08003d9d   Thumb Code   304  key.o(i.modify_erect)
    modify_speed                             0x08003ef1   Thumb Code   292  key.o(i.modify_speed)
    modify_turn                              0x08004039   Thumb Code   304  key.o(i.modify_turn)
    motor_init                               0x0800418d   Thumb Code    68  motor.o(i.motor_init)
    motor_limit                              0x080041d1   Thumb Code   158  motor.o(i.motor_limit)
    motor_speed                              0x08004275   Thumb Code   116  motor.o(i.motor_speed)
    mpudata_turn                             0x080042e9   Thumb Code   594  mpu.o(i.mpudata_turn)
    mt9v03x_dma                              0x08004581   Thumb Code    22  seekfree_mt9v03x.o(i.mt9v03x_dma)
    mt9v03x_dma_init                         0x080045a1   Thumb Code    66  seekfree_mt9v03x.o(i.mt9v03x_dma_init)
    mt9v03x_exti_init                        0x080045f1   Thumb Code    36  seekfree_mt9v03x.o(i.mt9v03x_exti_init)
    mt9v03x_init                             0x08004615   Thumb Code    92  seekfree_mt9v03x.o(i.mt9v03x_init)
    mt9v03x_tim1_etr_init                    0x08004689   Thumb Code    14  seekfree_mt9v03x.o(i.mt9v03x_tim1_etr_init)
    mt9v03x_uart_callback                    0x08004699   Thumb Code    66  seekfree_mt9v03x.o(i.mt9v03x_uart_callback)
    mt9v03x_vsync                            0x080046ed   Thumb Code    20  seekfree_mt9v03x.o(i.mt9v03x_vsync)
    number_conversion_ascii                  0x08004705   Thumb Code   136  seekfree_printf.o(i.number_conversion_ascii)
    nvic_init                                0x0800478d   Thumb Code    40  common.o(i.nvic_init)
    oled_dis_bmp                             0x080047b5   Thumb Code   388  seekfree_oled.o(i.oled_dis_bmp)
    oled_fill                                0x08004939   Thumb Code    58  seekfree_oled.o(i.oled_fill)
    oled_float                               0x08004975   Thumb Code   192  seekfree_oled.o(i.oled_float)
    oled_image                               0x08004a6d   Thumb Code    58  key.o(i.oled_image)
    oled_init                                0x08004ab5   Thumb Code   300  seekfree_oled.o(i.oled_init)
    oled_meun                                0x08004be5   Thumb Code   260  key.o(i.oled_meun)
    oled_modify                              0x08004d11   Thumb Code   676  key.o(i.oled_modify)
    oled_p6x8str                             0x08005019   Thumb Code    96  seekfree_oled.o(i.oled_p6x8str)
    oled_p8x16str                            0x0800507d   Thumb Code   130  seekfree_oled.o(i.oled_p8x16str)
    oled_printf_int32                        0x08005105   Thumb Code   106  seekfree_oled.o(i.oled_printf_int32)
    oled_run                                 0x08005175   Thumb Code    36  key.o(i.oled_run)
    oled_set_pos                             0x0800519d   Thumb Code    36  seekfree_oled.o(i.oled_set_pos)
    oled_state                               0x080051c1   Thumb Code   484  key.o(i.oled_state)
    oled_str                                 0x080053dd   Thumb Code   130  seekfree_oled.o(i.oled_str)
    oled_uint16                              0x08005465   Thumb Code    30  seekfree_oled.o(i.oled_uint16)
    otus_threshold                           0x080055c5   Thumb Code   286  image.o(i.otus_threshold)
    ov7725_cof_uart_interrupt                0x080056e9   Thumb Code    66  seekfree_uart_7725.o(i.ov7725_cof_uart_interrupt)
    ov7725_dma                               0x0800573d   Thumb Code    22  seekfree_7725.o(i.ov7725_dma)
    ov7725_uart_dma                          0x0800575d   Thumb Code    22  seekfree_uart_7725.o(i.ov7725_uart_dma)
    ov7725_uart_vsync                        0x0800577d   Thumb Code    20  seekfree_uart_7725.o(i.ov7725_uart_vsync)
    ov7725_vsync                             0x08005795   Thumb Code    20  seekfree_7725.o(i.ov7725_vsync)
    pid_init                                 0x080057ad   Thumb Code    24  pid.o(i.pid_init)
    printf_reverse_order                     0x080057d1   Thumb Code    34  seekfree_printf.o(i.printf_reverse_order)
    pwm_duty_updata                          0x080057f5   Thumb Code   168  zf_pwm.o(i.pwm_duty_updata)
    pwm_init                                 0x080058a5   Thumb Code   654  zf_pwm.o(i.pwm_init)
    run_car                                  0x08005bf5   Thumb Code  1364  flag.o(i.run_car)
    set_config                               0x08006245   Thumb Code   110  seekfree_mt9v03x.o(i.set_config)
    simiic_init                              0x080062d5   Thumb Code    28  seekfree_iic.o(i.simiic_init)
    simiic_read_reg                          0x080062f1   Thumb Code    74  seekfree_iic.o(i.simiic_read_reg)
    simiic_read_regs                         0x0800633b   Thumb Code    98  seekfree_iic.o(i.simiic_read_regs)
    simiic_write_reg                         0x080064ad   Thumb Code    42  seekfree_iic.o(i.simiic_write_reg)
    speed                                    0x080064d9   Thumb Code   158  pid.o(i.speed)
    system_init                              0x08006589   Thumb Code   200  init.o(i.system_init)
    systick_delay                            0x080066c5   Thumb Code    38  zf_systick.o(i.systick_delay)
    systick_delay_ms                         0x080066ed   Thumb Code    34  zf_systick.o(i.systick_delay_ms)
    tim_encoder_get_count                    0x08006715   Thumb Code    18  zf_tim.o(i.tim_encoder_get_count)
    tim_encoder_init                         0x0800672d   Thumb Code   232  zf_tim.o(i.tim_encoder_init)
    tim_encoder_rst                          0x08006831   Thumb Code    30  zf_tim.o(i.tim_encoder_rst)
    tim_interrupt_init_ms                    0x08006855   Thumb Code   196  zf_pit.o(i.tim_interrupt_init_ms)
    turn                                     0x0800692d   Thumb Code    68  pid.o(i.turn)
    uart_init                                0x08006975   Thumb Code   394  zf_uart.o(i.uart_init)
    uart_putbuff                             0x08006b2d   Thumb Code    42  zf_uart.o(i.uart_putbuff)
    uart_rx_irq                              0x08006b5d   Thumb Code    64  zf_uart.o(i.uart_rx_irq)
    zf_sprintf                               0x08006ba5   Thumb Code   736  seekfree_printf.o(i.zf_sprintf)
    tft_ascii                                0x08006e88   Data        1520  seekfree_font.o(.constdata)
    gImage_qq                                0x08007478   Data        3200  seekfree_font.o(.constdata)
    chinese_test                             0x080080f8   Data         128  seekfree_font.o(.constdata)
    oled_6x8                                 0x08008178   Data         552  seekfree_font.o(.constdata)
    oled_8x16                                0x080083a0   Data        1520  seekfree_font.o(.constdata)
    oled_16x16_chinese                       0x08008990   Data         128  seekfree_font.o(.constdata)
    Region$$Table$$Base                      0x08008aa8   Number         0  anon$$obj.o(Region$$Table)
    Region$$Table$$Limit                     0x08008ac8   Number         0  anon$$obj.o(Region$$Table)
    expect_speed                             0x20000004   Data           2  control.o(.data)
    expect_turn                              0x20000006   Data           2  control.o(.data)
    actual_speed                             0x20000008   Data           2  control.o(.data)
    mode_flag                                0x2000000d   Data           1  flag.o(.data)
    speed_flag                               0x2000000e   Data           1  flag.o(.data)
    filter_flag                              0x2000000f   Data           1  flag.o(.data)
    find_flag                                0x20000010   Data           1  flag.o(.data)
    down_far_point                           0x20000011   Data           1  flag.o(.data)
    down_near_point                          0x20000012   Data           1  flag.o(.data)
    cut_point                                0x20000013   Data           1  flag.o(.data)
    x_coor                                   0x2000001a   Data           1  image.o(.data)
    y_coor                                   0x2000001b   Data           1  image.o(.data)
    ostu_flag                                0x2000001c   Data           1  image.o(.data)
    ostu_min                                 0x2000001d   Data           1  image.o(.data)
    threshold_def                            0x2000001e   Data           1  image.o(.data)
    threshold                                0x2000001f   Data           1  image.o(.data)
    light                                    0x20000020   Data           2  image.o(.data)
    temp_data                                0x20000028   Data           2  init.o(.data)
    set_buffer                               0x2000002c   Data        1024  init.o(.data)
    flash_flag                               0x2000042c   Data           4  init.o(.data)
    data_point                               0x20000430   Data           4  init.o(.data)
    select_num                               0x20000434   Data           1  key.o(.data)
    page_flag                                0x20000435   Data           1  key.o(.data)
    motor_left                               0x20000436   Data           4  motor.o(.data)
    motor_right                              0x2000043a   Data           4  motor.o(.data)
    expect_angle                             0x20000440   Data           4  mpu.o(.data)
    angle_now                                0x20000444   Data           4  mpu.o(.data)
    angle_deviation                          0x20000448   Data           4  mpu.o(.data)
    camera_type                              0x20000478   Data           1  common.o(.data)
    camera_buffer_addr                       0x2000047c   Data           4  common.o(.data)
    SystemCoreClock                          0x20000480   Data           4  system_mm32f327x.o(.data)
    AHBPrescTable                            0x20000484   Data          16  system_mm32f327x.o(.data)
    gpio_group                               0x20000498   Data          32  zf_gpio.o(.data)
    tim_index                                0x200004b8   Data          32  zf_tim.o(.data)
    uart_index                               0x200004d8   Data          32  zf_uart.o(.data)
    uart_irq                                 0x200004f8   Data           8  zf_uart.o(.data)
    ov7725_finish_flag                       0x20000500   Data           1  seekfree_7725.o(.data)
    icm_gyro_x                               0x20000504   Data           2  seekfree_icm20602.o(.data)
    icm_gyro_y                               0x20000506   Data           2  seekfree_icm20602.o(.data)
    icm_gyro_z                               0x20000508   Data           2  seekfree_icm20602.o(.data)
    icm_acc_x                                0x2000050a   Data           2  seekfree_icm20602.o(.data)
    icm_acc_y                                0x2000050c   Data           2  seekfree_icm20602.o(.data)
    icm_acc_z                                0x2000050e   Data           2  seekfree_icm20602.o(.data)
    IIC_ad_main                              0x20000510   Data           1  seekfree_iic.o(.data)
    IIC_ad_sub                               0x20000511   Data           1  seekfree_iic.o(.data)
    IIC_buf                                  0x20000514   Data           4  seekfree_iic.o(.data)
    IIC_num                                  0x20000518   Data           1  seekfree_iic.o(.data)
    mt9v03x_finish_flag                      0x2000051c   Data           1  seekfree_mt9v03x.o(.data)
    MT9V03X_CFG                              0x20000522   Data          36  seekfree_mt9v03x.o(.data)
    GET_CFG                                  0x20000546   Data          32  seekfree_mt9v03x.o(.data)
    ov7725_uart_finish_flag                  0x20000566   Data           1  seekfree_uart_7725.o(.data)
    OV7725_CFG                               0x20000568   Data          24  seekfree_uart_7725.o(.data)
    OV7725_GET_CFG                           0x20000580   Data          20  seekfree_uart_7725.o(.data)
    tbPresc                                  0x20000599   Data          16  hal_rcc.o(.data)
    __microlib_freelist                      0x200005ac   Data           4  mvars.o(.data)
    __microlib_freelist_initialised          0x200005b0   Data           4  mvars.o(.data)
    data_buff                                0x200005b4   Data         256  blueteeth.o(.bss)
    binary_img                               0x200006b4   Data        8192  image.o(.bss)
    erodila_img                              0x200026b4   Data        8192  image.o(.bss)
    dis_img                                  0x200046b4   Data        8192  image.o(.bss)
    twinkle_img                              0x200066b4   Data        8192  image.o(.bss)
    last_img                                 0x200086b4   Data        8192  image.o(.bss)
    pixel                                    0x2000a6b4   Data        1024  image.o(.bss)
    data_buffer                              0x2000aab4   Data        1024  init.o(.bss)
    motor                                    0x2000aeb4   Data          24  mpu.o(.bss)
    gyro                                     0x2000aecc   Data          24  mpu.o(.bss)
    acc                                      0x2000aee4   Data          24  mpu.o(.bss)
    pid_angspeed                             0x2000af00   Data          24  pid.o(.bss)
    pid_erect                                0x2000af18   Data          24  pid.o(.bss)
    pid_speed                                0x2000af30   Data          24  pid.o(.bss)
    pid_turn                                 0x2000af48   Data          24  pid.o(.bss)
    pid_leftmotor                            0x2000af60   Data          24  pid.o(.bss)
    pid_rightmotor                           0x2000af78   Data          24  pid.o(.bss)
    pwm_enable_state                         0x2000af90   Data          32  zf_pwm.o(.bss)
    mt9v03x_image                            0x2000afb0   Data        8192  seekfree_mt9v03x.o(.bss)
    __heap_base                              0x2000cfb0   Data           0  startup_mm32f327x_keil.o(HEAP)
    __heap_limit                             0x2000d1b0   Data           0  startup_mm32f327x_keil.o(HEAP)
    __initial_sp                             0x2000f1b0   Data           0  startup_mm32f327x_keil.o(STACK)



==============================================================================

Memory Map of the image

  Image Entry point : 0x08000191

  Load Region LR_IROM1 (Base: 0x08000000, Size: 0x0000907c, Max: 0x00080000, ABSOLUTE, COMPRESSED[0x00008bb0])

    Execution Region ER_IROM1 (Base: 0x08000000, Size: 0x00008ac8, Max: 0x00080000, ABSOLUTE)

    Base Addr    Size         Type   Attr      Idx    E Section Name        Object

    0x08000000   0x00000190   Data   RO         1661    RESET               startup_mm32f327x_keil.o
    0x08000190   0x00000000   Code   RO         7898  * .ARM.Collect$$$$00000000  mc_w.l(entry.o)
    0x08000190   0x00000004   Code   RO         8250    .ARM.Collect$$$$00000001  mc_w.l(entry2.o)
    0x08000194   0x00000004   Code   RO         8253    .ARM.Collect$$$$00000004  mc_w.l(entry5.o)
    0x08000198   0x00000000   Code   RO         8255    .ARM.Collect$$$$00000008  mc_w.l(entry7b.o)
    0x08000198   0x00000000   Code   RO         8257    .ARM.Collect$$$$0000000A  mc_w.l(entry8b.o)
    0x08000198   0x00000008   Code   RO         8258    .ARM.Collect$$$$0000000B  mc_w.l(entry9a.o)
    0x080001a0   0x00000000   Code   RO         8260    .ARM.Collect$$$$0000000D  mc_w.l(entry10a.o)
    0x080001a0   0x00000000   Code   RO         8262    .ARM.Collect$$$$0000000F  mc_w.l(entry11a.o)
    0x080001a0   0x00000004   Code   RO         8251    .ARM.Collect$$$$00002712  mc_w.l(entry2.o)
    0x080001a4   0x00000024   Code   RO         1662    .text               startup_mm32f327x_keil.o
    0x080001c8   0x00000062   Code   RO         7901    .text               mc_w.l(uldiv.o)
    0x0800022a   0x00000024   Code   RO         7903    .text               mc_w.l(memcpya.o)
    0x0800024e   0x000000b0   Code   RO         8196    .text               mf_w.l(fadd.o)
    0x080002fe   0x00000064   Code   RO         8198    .text               mf_w.l(fmul.o)
    0x08000362   0x0000007c   Code   RO         8200    .text               mf_w.l(fdiv.o)
    0x080003de   0x0000014e   Code   RO         8202    .text               mf_w.l(dadd.o)
    0x0800052c   0x000000e4   Code   RO         8204    .text               mf_w.l(dmul.o)
    0x08000610   0x000000de   Code   RO         8206    .text               mf_w.l(ddiv.o)
    0x080006ee   0x00000012   Code   RO         8208    .text               mf_w.l(fflti.o)
    0x08000700   0x0000000a   Code   RO         8210    .text               mf_w.l(ffltui.o)
    0x0800070a   0x00000022   Code   RO         8212    .text               mf_w.l(dflti.o)
    0x0800072c   0x0000001a   Code   RO         8214    .text               mf_w.l(dfltui.o)
    0x08000746   0x00000028   Code   RO         8216    .text               mf_w.l(ffixui.o)
    0x0800076e   0x0000003e   Code   RO         8218    .text               mf_w.l(dfixi.o)
    0x080007ac   0x00000026   Code   RO         8220    .text               mf_w.l(f2d.o)
    0x080007d2   0x00000002   PAD
    0x080007d4   0x00000030   Code   RO         8222    .text               mf_w.l(cdcmple.o)
    0x08000804   0x00000030   Code   RO         8224    .text               mf_w.l(cdrcmple.o)
    0x08000834   0x00000038   Code   RO         8226    .text               mf_w.l(d2f.o)
    0x0800086c   0x00000014   Code   RO         8228    .text               mf_w.l(cfcmple.o)
    0x08000880   0x00000014   Code   RO         8230    .text               mf_w.l(cfrcmple.o)
    0x08000894   0x0000002c   Code   RO         8265    .text               mc_w.l(uidiv.o)
    0x080008c0   0x0000001e   Code   RO         8267    .text               mc_w.l(llshl.o)
    0x080008de   0x00000020   Code   RO         8269    .text               mc_w.l(llushr.o)
    0x080008fe   0x00000024   Code   RO         8271    .text               mc_w.l(llsshr.o)
    0x08000922   0x00000000   Code   RO         8275    .text               mc_w.l(iusefp.o)
    0x08000922   0x0000006e   Code   RO         8276    .text               mf_w.l(fepilogue.o)
    0x08000990   0x000000ba   Code   RO         8278    .text               mf_w.l(depilogue.o)
    0x08000a4a   0x0000002e   Code   RO         8280    .text               mf_w.l(dscalb.o)
    0x08000a78   0x00000030   Code   RO         8282    .text               mf_w.l(dfixul.o)
    0x08000aa8   0x00000024   Code   RO         8284    .text               mc_w.l(init.o)
    0x08000acc   0x00000056   Code   RO         8294    .text               mc_w.l(__dczerorl2.o)
    0x08000b22   0x00000066   Code   RO         1614    i.AutoCalPllFactor  system_mm32f327x.o
    0x08000b88   0x00000004   Code   RO         1313    i.BusFault_Handler  common.o
    0x08000b8c   0x00000042   Code   RO         1615    i.DELAY_xUs         system_mm32f327x.o
    0x08000bce   0x00000014   Code   RO            4    i.DMA1_Channel1_IRQHandler  isr.o
    0x08000be2   0x00000014   Code   RO            5    i.DMA1_Channel2_IRQHandler  isr.o
    0x08000bf6   0x00000016   Code   RO            6    i.DMA1_Channel3_IRQHandler  isr.o
    0x08000c0c   0x00000044   Code   RO            7    i.DMA1_Channel4_IRQHandler  isr.o
    0x08000c50   0x00000016   Code   RO            8    i.DMA1_Channel5_IRQHandler  isr.o
    0x08000c66   0x00000016   Code   RO            9    i.DMA1_Channel6_IRQHandler  isr.o
    0x08000c7c   0x00000016   Code   RO           10    i.DMA1_Channel7_IRQHandler  isr.o
    0x08000c92   0x00000002   PAD
    0x08000c94   0x00000018   Code   RO           11    i.DMA2_Channel1_IRQHandler  isr.o
    0x08000cac   0x00000018   Code   RO           12    i.DMA2_Channel2_IRQHandler  isr.o
    0x08000cc4   0x00000018   Code   RO           13    i.DMA2_Channel3_IRQHandler  isr.o
    0x08000cdc   0x00000018   Code   RO           14    i.DMA2_Channel4_IRQHandler  isr.o
    0x08000cf4   0x00000018   Code   RO           15    i.DMA2_Channel5_IRQHandler  isr.o
    0x08000d0c   0x0000001c   Code   RO         4547    i.DMA_ClearFlag     hal_dma.o
    0x08000d28   0x0000000c   Code   RO         4549    i.DMA_Cmd           hal_dma.o
    0x08000d34   0x0000005c   Code   RO         4550    i.DMA_DeInit        hal_dma.o
    0x08000d90   0x00000030   Code   RO         4552    i.DMA_GetFlagStatus  hal_dma.o
    0x08000dc0   0x00000012   Code   RO         4554    i.DMA_ITConfig      hal_dma.o
    0x08000dd2   0x00000046   Code   RO         4555    i.DMA_Init          hal_dma.o
    0x08000e18   0x00000004   Code   RO         1314    i.DebugMon_Handler  common.o
    0x08000e1c   0x0000000a   Code   RO           16    i.EXTI0_IRQHandler  isr.o
    0x08000e26   0x00000070   Code   RO           17    i.EXTI15_10_IRQHandler  isr.o
    0x08000e96   0x0000000a   Code   RO           18    i.EXTI1_IRQHandler  isr.o
    0x08000ea0   0x0000000a   Code   RO           19    i.EXTI2_IRQHandler  isr.o
    0x08000eaa   0x0000000a   Code   RO           20    i.EXTI3_IRQHandler  isr.o
    0x08000eb4   0x0000000a   Code   RO           21    i.EXTI4_IRQHandler  isr.o
    0x08000ebe   0x00000002   PAD
    0x08000ec0   0x00000080   Code   RO           22    i.EXTI9_5_IRQHandler  isr.o
    0x08000f40   0x0000000c   Code   RO         5157    i.EXTI_ClearFlag    hal_exti.o
    0x08000f4c   0x00000020   Code   RO         5162    i.EXTI_GetITStatus  hal_exti.o
    0x08000f6c   0x000000d8   Code   RO         5163    i.EXTI_Init         hal_exti.o
    0x08001044   0x0000003c   Code   RO         5164    i.EXTI_LineConfig   hal_exti.o
    0x08001080   0x00000010   Code   RO         5165    i.EXTI_StructInit   hal_exti.o
    0x08001090   0x0000000c   Code   RO         5244    i.FLASH_ClearFlag   hal_flash.o
    0x0800109c   0x0000002c   Code   RO         5248    i.FLASH_ErasePage   hal_flash.o
    0x080010c8   0x00000034   Code   RO         5251    i.FLASH_GetStatus   hal_flash.o
    0x080010fc   0x00000014   Code   RO         5256    i.FLASH_Lock        hal_flash.o
    0x08001110   0x00000020   Code   RO         5259    i.FLASH_ProgramHalfWord  hal_flash.o
    0x08001130   0x00000022   Code   RO         5263    i.FLASH_ProgramWord  hal_flash.o
    0x08001152   0x00000002   PAD
    0x08001154   0x00000018   Code   RO         5265    i.FLASH_Unlock      hal_flash.o
    0x0800116c   0x00000038   Code   RO         5267    i.FLASH_WaitForLastOperation  hal_flash.o
    0x080011a4   0x00000004   Code   RO         1315    i.HardFault_Handler  common.o
    0x080011a8   0x00000050   Code   RO          892    i.LPF_lst           function.o
    0x080011f8   0x0000008c   Code   RO          893    i.Limit_data        function.o
    0x08001284   0x0000005c   Code   RO          894    i.Median_filter     function.o
    0x080012e0   0x00000004   Code   RO         1316    i.MemManage_Handler  common.o
    0x080012e4   0x00000004   Code   RO         1317    i.NMI_Handler       common.o
    0x080012e8   0x0000006c   Code   RO         5877    i.NVIC_Init         hal_misc.o
    0x08001354   0x00000004   Code   RO         1318    i.PendSV_Handler    common.o
    0x08001358   0x00000020   Code   RO         6030    i.RCC_AHBPeriphClockCmd  hal_rcc.o
    0x08001378   0x00000020   Code   RO         6033    i.RCC_APB1PeriphClockCmd  hal_rcc.o
    0x08001398   0x00000020   Code   RO         6036    i.RCC_APB2PeriphClockCmd  hal_rcc.o
    0x080013b8   0x00000020   Code   RO         6053    i.RCC_GetHCLKFreq   hal_rcc.o
    0x080013d8   0x00000020   Code   RO         6056    i.RCC_GetPCLK2Freq  hal_rcc.o
    0x080013f8   0x00000074   Code   RO         6058    i.RCC_GetSysClockFreq  hal_rcc.o
    0x0800146c   0x00000004   Code   RO         1319    i.SVC_Handler       common.o
    0x08001470   0x00000030   Code   RO         1616    i.SetSysClock       system_mm32f327x.o
    0x080014a0   0x000001f4   Code   RO         1617    i.SetSysClockToXX   system_mm32f327x.o
    0x08001694   0x00000024   Code   RO          895    i.Smooth_output     function.o
    0x080016b8   0x00000028   Code   RO          896    i.Sort_data         function.o
    0x080016e0   0x00000064   Code   RO         1618    i.SystemInit        system_mm32f327x.o
    0x08001744   0x00000014   Code   RO           23    i.TIM1_UP_IRQHandler  isr.o
    0x08001758   0x00000012   Code   RO           24    i.TIM2_IRQHandler   isr.o
    0x0800176a   0x00000002   PAD
    0x0800176c   0x00000014   Code   RO           25    i.TIM3_IRQHandler   isr.o
    0x08001780   0x00000014   Code   RO           26    i.TIM4_IRQHandler   isr.o
    0x08001794   0x00000014   Code   RO           27    i.TIM5_IRQHandler   isr.o
    0x080017a8   0x00000124   Code   RO          786    i.TIM6_IRQHandler   control.o
    0x080018cc   0x000000d8   Code   RO          787    i.TIM7_IRQHandler   control.o
    0x080019a4   0x00000014   Code   RO           28    i.TIM8_UP_IRQHandler  isr.o
    0x080019b8   0x00000016   Code   RO         6892    i.TIM_Cmd           hal_tim.o
    0x080019ce   0x00000012   Code   RO         6895    i.TIM_DMACmd        hal_tim.o
    0x080019e0   0x00000020   Code   RO         6899    i.TIM_ETRClockMode1Config  hal_tim.o
    0x08001a00   0x0000002c   Code   RO         6901    i.TIM_ETRConfig     hal_tim.o
    0x08001a2c   0x0000000c   Code   RO         6952    i.TIM_SelectInputTrigger  hal_tim.o
    0x08001a38   0x0000000c   Code   RO         6953    i.TIM_SelectMasterSlaveMode  hal_tim.o
    0x08001a44   0x0000000c   Code   RO         6957    i.TIM_SelectSlaveMode  hal_tim.o
    0x08001a50   0x00000078   Code   RO         6980    i.TIM_TimeBaseInit  hal_tim.o
    0x08001ac8   0x0000003c   Code   RO           29    i.UART1_IRQHandler  isr.o
    0x08001b04   0x0000003c   Code   RO           30    i.UART2_IRQHandler  isr.o
    0x08001b40   0x0000003c   Code   RO           31    i.UART3_IRQHandler  isr.o
    0x08001b7c   0x0000003c   Code   RO           32    i.UART4_IRQHandler  isr.o
    0x08001bb8   0x00000034   Code   RO           33    i.UART5_IRQHandler  isr.o
    0x08001bec   0x0000003c   Code   RO           34    i.UART6_IRQHandler  isr.o
    0x08001c28   0x0000003c   Code   RO           35    i.UART7_IRQHandler  isr.o
    0x08001c64   0x00000060   Code   RO           36    i.UART8_IRQHandler  isr.o
    0x08001cc4   0x00000004   Code   RO         1320    i.UsageFault_Handler  common.o
    0x08001cc8   0x00000028   Code   RO         8142    i.__0sprintf        mc_w.l(printfa.o)
    0x08001cf0   0x00000028   Code   RO         8246    i.__ARM_fpclassify  m_ws.l(fpclassify.o)
    0x08001d18   0x000000aa   Code   RO         8248    i.__kernel_poly     m_ws.l(poly.o)
    0x08001dc2   0x00000006   Code   RO         8233    i.__mathlib_dbl_infnan  m_ws.l(dunder.o)
    0x08001dc8   0x00000010   Code   RO         8238    i.__mathlib_dbl_underflow  m_ws.l(dunder.o)
    0x08001dd8   0x0000000e   Code   RO         8288    i.__scatterload_copy  mc_w.l(handlers.o)
    0x08001de6   0x00000002   Code   RO         8289    i.__scatterload_null  mc_w.l(handlers.o)
    0x08001de8   0x0000000e   Code   RO         8290    i.__scatterload_zeroinit  mc_w.l(handlers.o)
    0x08001df6   0x00000002   PAD
    0x08001df8   0x00000164   Code   RO         8147    i._fp_digits        mc_w.l(printfa.o)
    0x08001f5c   0x000006dc   Code   RO         8148    i._printf_core      mc_w.l(printfa.o)
    0x08002638   0x00000024   Code   RO         8149    i._printf_post_padding  mc_w.l(printfa.o)
    0x0800265c   0x0000002e   Code   RO         8150    i._printf_pre_padding  mc_w.l(printfa.o)
    0x0800268a   0x0000000a   Code   RO         8152    i._sputc            mc_w.l(printfa.o)
    0x08002694   0x000000e4   Code   RO         1867    i.afio_init         zf_gpio.o
    0x08002778   0x00000108   Code   RO         1227    i.angspeed          pid.o
    0x08002880   0x00000220   Code   RO         7889    i.atan              m_ws.l(atan.o)
    0x08002aa0   0x00000010   Code   RO          637    i.beep_init         beep.o
    0x08002ab0   0x00000098   Code   RO          638    i.beep_ring         beep.o
    0x08002b48   0x0000003c   Code   RO         1282    i.board_init        board.o
    0x08002b84   0x00000098   Code   RO          750    i.bt_send_double    blueteeth.o
    0x08002c1c   0x000000fc   Code   RO         1716    i.camera_dma_init   zf_camera.o
    0x08002d18   0x0000011c   Code   RO         1717    i.camera_tim_etr_init  zf_camera.o
    0x08002e34   0x00000020   Code   RO          823    i.encoder_init      encoder.o
    0x08002e54   0x00000016   Code   RO          824    i.encoder_read      encoder.o
    0x08002e6a   0x00000002   PAD
    0x08002e6c   0x00000060   Code   RO         1228    i.erect             pid.o
    0x08002ecc   0x000000d8   Code   RO         1751    i.exti_interrupt_init  zf_exti.o
    0x08002fa4   0x00000030   Code   RO         1800    i.flash_check       zf_flash.o
    0x08002fd4   0x00000048   Code   RO         1801    i.flash_erase_page  zf_flash.o
    0x0800301c   0x00000068   Code   RO         1802    i.flash_page_program  zf_flash.o
    0x08003084   0x00000026   Code   RO         1803    i.flash_page_read   zf_flash.o
    0x080030aa   0x00000002   PAD
    0x080030ac   0x00000170   Code   RO         1008    i.flash_read        init.o
    0x0800321c   0x000000dc   Code   RO         1009    i.flash_write       init.o
    0x080032f8   0x00000050   Code   RO         8168    i.free              mc_w.l(malloc.o)
    0x08003348   0x00000068   Code   RO         3241    i.get_config        seekfree_mt9v03x.o
    0x080033b0   0x000000b4   Code   RO          825    i.get_encoder       encoder.o
    0x08003464   0x00000058   Code   RO         2600    i.get_icm20602_accdata  seekfree_icm20602.o
    0x080034bc   0x00000058   Code   RO         2602    i.get_icm20602_gyro  seekfree_icm20602.o
    0x08003514   0x00000024   Code   RO         1869    i.gpio_get          zf_gpio.o
    0x08003538   0x0000014c   Code   RO         1870    i.gpio_init         zf_gpio.o
    0x08003684   0x00000048   Code   RO         1871    i.gpio_set          zf_gpio.o
    0x080036cc   0x0000007c   Code   RO         2604    i.icm20602_init     seekfree_icm20602.o
    0x08003748   0x0000001e   Code   RO         2606    i.icm20602_self1_check  seekfree_icm20602.o
    0x08003766   0x00000002   PAD
    0x08003768   0x0000001c   Code   RO          941    i.img_deal          image.o
    0x08003784   0x0000010c   Code   RO          942    i.img_erodila       image.o
    0x08003890   0x00000150   Code   RO          944    i.img_find          image.o
    0x080039e0   0x000000d8   Code   RO          945    i.img_get           image.o
    0x08003ab8   0x00000058   Code   RO         1051    i.key_init          key.o
    0x08003b10   0x000000ba   Code   RO         1052    i.key_scan          key.o
    0x08003bca   0x0000000c   Code   RO          613    i.main              main.o
    0x08003bd6   0x00000002   PAD
    0x08003bd8   0x0000006c   Code   RO         8169    i.malloc            mc_w.l(malloc.o)
    0x08003c44   0x00000158   Code   RO         1053    i.modify_angspeed   key.o
    0x08003d9c   0x00000154   Code   RO         1054    i.modify_erect      key.o
    0x08003ef0   0x00000148   Code   RO         1055    i.modify_speed      key.o
    0x08004038   0x00000154   Code   RO         1056    i.modify_turn       key.o
    0x0800418c   0x00000044   Code   RO         1148    i.motor_init        motor.o
    0x080041d0   0x000000a4   Code   RO         1149    i.motor_limit       motor.o
    0x08004274   0x00000074   Code   RO         1150    i.motor_speed       motor.o
    0x080042e8   0x00000298   Code   RO         1191    i.mpudata_turn      mpu.o
    0x08004580   0x00000020   Code   RO         3243    i.mt9v03x_dma       seekfree_mt9v03x.o
    0x080045a0   0x00000050   Code   RO         3244    i.mt9v03x_dma_init  seekfree_mt9v03x.o
    0x080045f0   0x00000024   Code   RO         3245    i.mt9v03x_exti_init  seekfree_mt9v03x.o
    0x08004614   0x00000074   Code   RO         3246    i.mt9v03x_init      seekfree_mt9v03x.o
    0x08004688   0x0000000e   Code   RO         3247    i.mt9v03x_tim1_etr_init  seekfree_mt9v03x.o
    0x08004696   0x00000002   PAD
    0x08004698   0x00000054   Code   RO         3248    i.mt9v03x_uart_callback  seekfree_mt9v03x.o
    0x080046ec   0x00000018   Code   RO         3249    i.mt9v03x_vsync     seekfree_mt9v03x.o
    0x08004704   0x00000088   Code   RO         1435    i.number_conversion_ascii  seekfree_printf.o
    0x0800478c   0x00000028   Code   RO         1321    i.nvic_init         common.o
    0x080047b4   0x00000184   Code   RO         3345    i.oled_dis_bmp      seekfree_oled.o
    0x08004938   0x0000003a   Code   RO         3346    i.oled_fill         seekfree_oled.o
    0x08004972   0x00000002   PAD
    0x08004974   0x000000c4   Code   RO         3347    i.oled_float        seekfree_oled.o
    0x08004a38   0x00000032   Code   RO         3348    i.oled_hexascii     seekfree_oled.o
    0x08004a6a   0x00000002   PAD
    0x08004a6c   0x00000048   Code   RO         1057    i.oled_image        key.o
    0x08004ab4   0x00000130   Code   RO         3349    i.oled_init         seekfree_oled.o
    0x08004be4   0x0000012c   Code   RO         1058    i.oled_meun         key.o
    0x08004d10   0x00000308   Code   RO         1059    i.oled_modify       key.o
    0x08005018   0x00000064   Code   RO         3351    i.oled_p6x8str      seekfree_oled.o
    0x0800507c   0x00000088   Code   RO         3352    i.oled_p8x16str     seekfree_oled.o
    0x08005104   0x00000070   Code   RO         3355    i.oled_printf_int32  seekfree_oled.o
    0x08005174   0x00000028   Code   RO         1061    i.oled_run          key.o
    0x0800519c   0x00000024   Code   RO         3357    i.oled_set_pos      seekfree_oled.o
    0x080051c0   0x0000021c   Code   RO         1062    i.oled_state        key.o
    0x080053dc   0x00000088   Code   RO         3358    i.oled_str          seekfree_oled.o
    0x08005464   0x0000001e   Code   RO         3359    i.oled_uint16       seekfree_oled.o
    0x08005482   0x00000002   PAD
    0x08005484   0x000000a0   Code   RO         3360    i.oled_wrcmd        seekfree_oled.o
    0x08005524   0x000000a0   Code   RO         3361    i.oled_wrdat        seekfree_oled.o
    0x080055c4   0x00000124   Code   RO          947    i.otus_threshold    image.o
    0x080056e8   0x00000054   Code   RO         3511    i.ov7725_cof_uart_interrupt  seekfree_uart_7725.o
    0x0800573c   0x00000020   Code   RO         2415    i.ov7725_dma        seekfree_7725.o
    0x0800575c   0x00000020   Code   RO         3515    i.ov7725_uart_dma   seekfree_uart_7725.o
    0x0800577c   0x00000018   Code   RO         3521    i.ov7725_uart_vsync  seekfree_uart_7725.o
    0x08005794   0x00000018   Code   RO         2428    i.ov7725_vsync      seekfree_7725.o
    0x080057ac   0x00000024   Code   RO         1229    i.pid_init          pid.o
    0x080057d0   0x00000022   Code   RO         1436    i.printf_reverse_order  seekfree_printf.o
    0x080057f2   0x00000002   PAD
    0x080057f4   0x000000b0   Code   RO         1976    i.pwm_duty_updata   zf_pwm.o
    0x080058a4   0x000002a4   Code   RO         1978    i.pwm_init          zf_pwm.o
    0x08005b48   0x00000014   Code   RO         1979    i.pwm_pin_init      zf_pwm.o
    0x08005b5c   0x00000098   Code   RO         2685    i.read_ch           seekfree_iic.o
    0x08005bf4   0x00000578   Code   RO          859    i.run_car           flag.o
    0x0800616c   0x00000068   Code   RO         2686    i.sccb_waitack      seekfree_iic.o
    0x080061d4   0x00000070   Code   RO         2687    i.send_ch           seekfree_iic.o
    0x08006244   0x00000078   Code   RO         3251    i.set_config        seekfree_mt9v03x.o
    0x080062bc   0x00000018   Code   RO         2688    i.simiic_delay      seekfree_iic.o
    0x080062d4   0x0000001c   Code   RO         2689    i.simiic_init       seekfree_iic.o
    0x080062f0   0x0000004a   Code   RO         2690    i.simiic_read_reg   seekfree_iic.o
    0x0800633a   0x00000062   Code   RO         2691    i.simiic_read_regs  seekfree_iic.o
    0x0800639c   0x0000006c   Code   RO         2692    i.simiic_sendack    seekfree_iic.o
    0x08006408   0x00000050   Code   RO         2693    i.simiic_start      seekfree_iic.o
    0x08006458   0x00000054   Code   RO         2694    i.simiic_stop       seekfree_iic.o
    0x080064ac   0x0000002a   Code   RO         2695    i.simiic_write_reg  seekfree_iic.o
    0x080064d6   0x00000002   PAD
    0x080064d8   0x000000b0   Code   RO         1230    i.speed             pid.o
    0x08006588   0x0000013c   Code   RO         1010    i.system_init       init.o
    0x080066c4   0x00000026   Code   RO         2066    i.systick_delay     zf_systick.o
    0x080066ea   0x00000002   PAD
    0x080066ec   0x00000028   Code   RO         2067    i.systick_delay_ms  zf_systick.o
    0x08006714   0x00000018   Code   RO         2122    i.tim_encoder_get_count  zf_tim.o
    0x0800672c   0x000000f0   Code   RO         2123    i.tim_encoder_init  zf_tim.o
    0x0800681c   0x00000014   Code   RO         2124    i.tim_encoder_pin_init  zf_tim.o
    0x08006830   0x00000024   Code   RO         2125    i.tim_encoder_rst   zf_tim.o
    0x08006854   0x000000d8   Code   RO         1930    i.tim_interrupt_init_ms  zf_pit.o
    0x0800692c   0x00000048   Code   RO         1231    i.turn              pid.o
    0x08006974   0x00000194   Code   RO         2190    i.uart_init         zf_uart.o
    0x08006b08   0x00000024   Code   RO         2191    i.uart_pin_init     zf_uart.o
    0x08006b2c   0x00000030   Code   RO         2192    i.uart_putbuff      zf_uart.o
    0x08006b5c   0x00000048   Code   RO         2196    i.uart_rx_irq       zf_uart.o
    0x08006ba4   0x000002e4   Code   RO         1437    i.zf_sprintf        seekfree_printf.o
    0x08006e88   0x00001b88   Data   RO         2576    .constdata          seekfree_font.o
    0x08008a10   0x00000098   Data   RO         7890    .constdata          m_ws.l(atan.o)
    0x08008aa8   0x00000020   Data   RO         8286    Region$$Table       anon$$obj.o


    Execution Region RW_IRAM1 (Base: 0x20000000, Size: 0x0000f1b0, Max: 0x00020000, ABSOLUTE, COMPRESSED[0x000000e8])

    Base Addr    Size         Type   Attr      Idx    E Section Name        Object

    0x20000000   0x00000003   Data   RW          639    .data               beep.o
    0x20000003   0x00000001   PAD
    0x20000004   0x00000009   Data   RW          788    .data               control.o
    0x2000000d   0x00000007   Data   RW          860    .data               flag.o
    0x20000014   0x00000006   Data   RW          897    .data               function.o
    0x2000001a   0x0000000b   Data   RW          949    .data               image.o
    0x20000025   0x00000003   PAD
    0x20000028   0x0000040c   Data   RW         1012    .data               init.o
    0x20000434   0x00000002   Data   RW         1063    .data               key.o
    0x20000436   0x00000008   Data   RW         1151    .data               motor.o
    0x2000043e   0x00000002   PAD
    0x20000440   0x00000030   Data   RW         1193    .data               mpu.o
    0x20000470   0x00000008   Data   RW         1233    .data               pid.o
    0x20000478   0x00000008   Data   RW         1324    .data               common.o
    0x20000480   0x00000014   Data   RW         1619    .data               system_mm32f327x.o
    0x20000494   0x00000002   Data   RW         1804    .data               zf_flash.o
    0x20000496   0x00000002   PAD
    0x20000498   0x00000020   Data   RW         1873    .data               zf_gpio.o
    0x200004b8   0x00000020   Data   RW         2126    .data               zf_tim.o
    0x200004d8   0x00000028   Data   RW         2198    .data               zf_uart.o
    0x20000500   0x00000004   Data   RW         2430    .data               seekfree_7725.o
    0x20000504   0x0000000c   Data   RW         2611    .data               seekfree_icm20602.o
    0x20000510   0x0000000c   Data   RW         2697    .data               seekfree_iic.o
    0x2000051c   0x0000004a   Data   RW         3255    .data               seekfree_mt9v03x.o
    0x20000566   0x00000033   Data   RW         3524    .data               seekfree_uart_7725.o
    0x20000599   0x00000010   Data   RW         6084    .data               hal_rcc.o
    0x200005a9   0x00000003   PAD
    0x200005ac   0x00000004   Data   RW         8273    .data               mc_w.l(mvars.o)
    0x200005b0   0x00000004   Data   RW         8274    .data               mc_w.l(mvars.o)
    0x200005b4   0x00000100   Zero   RW          752    .bss                blueteeth.o
    0x200006b4   0x0000a400   Zero   RW          948    .bss                image.o
    0x2000aab4   0x00000400   Zero   RW         1011    .bss                init.o
    0x2000aeb4   0x00000048   Zero   RW         1192    .bss                mpu.o
    0x2000aefc   0x00000004   PAD
    0x2000af00   0x00000090   Zero   RW         1232    .bss                pid.o
    0x2000af90   0x00000020   Zero   RW         1980    .bss                zf_pwm.o
    0x2000afb0   0x00002000   Zero   RW         3254    .bss                seekfree_mt9v03x.o
    0x2000cfb0   0x00000200   Zero   RW         1660    HEAP                startup_mm32f327x_keil.o
    0x2000d1b0   0x00002000   Zero   RW         1659    STACK               startup_mm32f327x_keil.o


==============================================================================

Image component sizes


      Code (inc. data)   RO Data    RW Data    ZI Data      Debug   Object Name

       168         24          0          3          0       3201   beep.o
       152         10          0          0        256       1185   blueteeth.o
        60          8          0          0          0      25652   board.o
        72          0          0          8          0       7303   common.o
       508         94          0          9          0       1488   control.o
       234         12          0          0          0       1456   encoder.o
      1400         72          0          7          0       1496   flag.o
       388          6          0          6          0       3223   function.o
       268         26          0          0          0       7541   hal_dma.o
       336         20          0          0          0       5348   hal_exti.o
       274         44          0          0          0       7575   hal_flash.o
       108         12          0          0          0       1004   hal_misc.o
       276         52          0         16          0       6935   hal_rcc.o
       272         22          0          0          0      12291   hal_tim.o
      1140         90          0         11      41984       4690   image.o
       904        232          0       1036       1024       2286   init.o
      1232        114          0          0          0     171370   isr.o
      3354        424          0          2          0       6526   key.o
        12          0          0          0          0        423   main.o
       348          6          0          8          0       2778   motor.o
       664         70          0         48         72       2171   mpu.o
       644         62          0          8        144       3570   pid.o
        56         14          0          4          0       1690   seekfree_7725.o
         0          0       7048          0          0        925   seekfree_font.o
       330         28          0         12          0       2596   seekfree_icm20602.o
       906         34          0         12          0       6731   seekfree_iic.o
       610         88          0         74       8192       6114   seekfree_mt9v03x.o
      1866         38          0          0          0      10203   seekfree_oled.o
       910          4          0          0          0      15991   seekfree_printf.o
       140         32          0         51          0       2628   seekfree_uart_7725.o
        36          8        400          0       8704        872   startup_mm32f327x_keil.o
       816         60          0         20          0       4172   system_mm32f327x.o
       536         16          0          0          0       1940   zf_camera.o
       216          4          0          0          0        774   zf_exti.o
       262         12          0          2          0       3420   zf_flash.o
       668         28          0         32          0       4387   zf_gpio.o
       216         20          0          0          0        820   zf_pit.o
       872         30          0          0         32       2792   zf_pwm.o
        78          6          0          0          0       1063   zf_systick.o
       320         20          0         32          0       3785   zf_tim.o
       560         32          0         40          0       4459   zf_uart.o

    ----------------------------------------------------------------------
     22242       1874       7480       1452      60412     354874   Object Totals
         0          0         32          0          0          0   (incl. Generated)
        30          0          0         11          4          0   (incl. Padding)

    ----------------------------------------------------------------------

      Code (inc. data)   RO Data    RW Data    ZI Data      Debug   Library Member Name

       544         70        152          0          0        124   atan.o
        22          6          0          0          0        136   dunder.o
        40          0          0          0          0         68   fpclassify.o
       170          0          0          0          0         96   poly.o
        86          0          0          0          0          0   __dczerorl2.o
         0          0          0          0          0          0   entry.o
         0          0          0          0          0          0   entry10a.o
         0          0          0          0          0          0   entry11a.o
         8          4          0          0          0          0   entry2.o
         4          0          0          0          0          0   entry5.o
         0          0          0          0          0          0   entry7b.o
         0          0          0          0          0          0   entry8b.o
         8          4          0          0          0          0   entry9a.o
        30          0          0          0          0          0   handlers.o
        36          8          0          0          0         68   init.o
         0          0          0          0          0          0   iusefp.o
        30          0          0          0          0         68   llshl.o
        36          0          0          0          0         68   llsshr.o
        32          0          0          0          0         68   llushr.o
       188         20          0          0          0        160   malloc.o
        36          0          0          0          0         68   memcpya.o
         0          0          0          8          0          0   mvars.o
      2244         86          0          0          0        512   printfa.o
        44          0          0          0          0         80   uidiv.o
        98          0          0          0          0         92   uldiv.o
        48          0          0          0          0         68   cdcmple.o
        48          0          0          0          0         68   cdrcmple.o
        20          0          0          0          0         68   cfcmple.o
        20          0          0          0          0         68   cfrcmple.o
        56          0          0          0          0         88   d2f.o
       334          0          0          0          0        148   dadd.o
       222          0          0          0          0        100   ddiv.o
       186          0          0          0          0        176   depilogue.o
        62          0          0          0          0         80   dfixi.o
        48          0          0          0          0         68   dfixul.o
        34          0          0          0          0         76   dflti.o
        26          0          0          0          0         76   dfltui.o
       228          0          0          0          0         96   dmul.o
        46          0          0          0          0         80   dscalb.o
        38          0          0          0          0         68   f2d.o
       176          0          0          0          0        140   fadd.o
       124          0          0          0          0         88   fdiv.o
       110          0          0          0          0        168   fepilogue.o
        40          0          0          0          0         68   ffixui.o
        18          0          0          0          0         68   fflti.o
        10          0          0          0          0         68   ffltui.o
       100          0          0          0          0         76   fmul.o

    ----------------------------------------------------------------------
      5654        198        152          8          0       3612   Library Totals
         4          0          0          0          0          0   (incl. Padding)

    ----------------------------------------------------------------------

      Code (inc. data)   RO Data    RW Data    ZI Data      Debug   Library Name

       776         76        152          0          0        424   m_ws.l
      2880        122          0          8          0       1184   mc_w.l
      1994          0          0          0          0       2004   mf_w.l

    ----------------------------------------------------------------------
      5654        198        152          8          0       3612   Library Totals

    ----------------------------------------------------------------------

==============================================================================


      Code (inc. data)   RO Data    RW Data    ZI Data      Debug   

     27896       2072       7632       1460      60412     346758   Grand Totals
     27896       2072       7632        232      60412     346758   ELF Image Totals (compressed)
     27896       2072       7632        232          0          0   ROM Totals

==============================================================================

    Total RO  Size (Code + RO Data)                35528 (  34.70kB)
    Total RW  Size (RW Data + ZI Data)             61872 (  60.42kB)
    Total ROM Size (Code + RO Data + RW Data)      35760 (  34.92kB)

==============================================================================

